// Jest Snapshot v1, https://goo.gl/fbAQLP

exports[`Page Navigation Check only arrow render 1`] = `
<TablePageSelector
  delta={1}
  disableAscArrow={true}
  disableDescArrow={true}
  onClickHandler={[Function]}
>
  <div
    className="rc-page-selector-container"
  >
    <Button
      as="button"
      className="rc-page-select-icon-desc"
      disabled={true}
      forwardRefAs="ref"
      icon={null}
      loading={false}
      onClick={[Function]}
      trailingIcon={null}
      type="transparent"
      weight="bold"
    >
      <button
        aria-label="<"
        className="rc-button rc-button-transparent rc-button-bold rc-button-disabled rc-button-full rc-page-select-icon-desc"
        disabled={true}
        onClick={[Function]}
        type="button"
      >
        <span
          className="rc-button-content"
        >
          &lt;
        </span>
      </button>
    </Button>
    <Button
      as="button"
      className="rc-page-select-icon-asc"
      disabled={true}
      forwardRefAs="ref"
      icon={null}
      loading={false}
      onClick={[Function]}
      trailingIcon={null}
      type="transparent"
      weight="bold"
    >
      <button
        aria-label=">"
        className="rc-button rc-button-transparent rc-button-bold rc-button-disabled rc-button-full rc-page-select-icon-asc"
        disabled={true}
        onClick={[Function]}
        type="button"
      >
        <span
          className="rc-button-content"
        >
          &gt;
        </span>
      </button>
    </Button>
  </div>
</TablePageSelector>
`;

exports[`Snapshot test Check component matches previous HTML snapshot 1`] = `
<TablePageSelector
  currentPage={1}
  delta={1}
  disableAscArrow={false}
  disableDescArrow={false}
  onClickHandler={[Function]}
  pageCount={4}
>
  <div
    className="rc-page-selector-container"
  >
    <Button
      as="button"
      className="rc-page-select-icon-desc"
      disabled={false}
      forwardRefAs="ref"
      icon={null}
      loading={false}
      onClick={[Function]}
      trailingIcon={null}
      type="transparent"
      weight="bold"
    >
      <button
        aria-label="<"
        className="rc-button rc-button-transparent rc-button-bold rc-button-full rc-page-select-icon-desc"
        disabled={false}
        onClick={[Function]}
        type="button"
      >
        <span
          className="rc-button-content"
        >
          &lt;
        </span>
      </button>
    </Button>
    <Button
      as="button"
      className=""
      disabled={false}
      forwardRefAs="ref"
      icon={null}
      key="0"
      loading={false}
      onClick={[Function]}
      trailingIcon={null}
      type="primary"
      weight="bold"
    >
      <button
        aria-label={1}
        className="rc-button rc-button-primary rc-button-bold rc-button-full"
        disabled={false}
        onClick={[Function]}
        type="button"
      >
        <span
          className="rc-button-content"
        >
          1
        </span>
      </button>
    </Button>
    <Button
      as="button"
      className=""
      disabled={false}
      forwardRefAs="ref"
      icon={null}
      key="1"
      loading={false}
      onClick={[Function]}
      trailingIcon={null}
      type="transparent"
      weight="bold"
    >
      <button
        aria-label={2}
        className="rc-button rc-button-transparent rc-button-bold rc-button-full"
        disabled={false}
        onClick={[Function]}
        type="button"
      >
        <span
          className="rc-button-content"
        >
          2
        </span>
      </button>
    </Button>
    <Button
      as="button"
      className=""
      disabled={false}
      forwardRefAs="ref"
      icon={null}
      key="2"
      loading={false}
      onClick={[Function]}
      trailingIcon={null}
      type="transparent"
      weight="bold"
    >
      <button
        aria-label={3}
        className="rc-button rc-button-transparent rc-button-bold rc-button-full"
        disabled={false}
        onClick={[Function]}
        type="button"
      >
        <span
          className="rc-button-content"
        >
          3
        </span>
      </button>
    </Button>
    <Button
      as="button"
      className=""
      disabled={false}
      forwardRefAs="ref"
      icon={null}
      key="3"
      loading={false}
      onClick={[Function]}
      trailingIcon={null}
      type="transparent"
      weight="bold"
    >
      <button
        aria-label={4}
        className="rc-button rc-button-transparent rc-button-bold rc-button-full"
        disabled={false}
        onClick={[Function]}
        type="button"
      >
        <span
          className="rc-button-content"
        >
          4
        </span>
      </button>
    </Button>
    <Button
      as="button"
      className="rc-page-select-icon-asc"
      disabled={false}
      forwardRefAs="ref"
      icon={null}
      loading={false}
      onClick={[Function]}
      trailingIcon={null}
      type="transparent"
      weight="bold"
    >
      <button
        aria-label=">"
        className="rc-button rc-button-transparent rc-button-bold rc-button-full rc-page-select-icon-asc"
        disabled={false}
        onClick={[Function]}
        type="button"
      >
        <span
          className="rc-button-content"
        >
          &gt;
        </span>
      </button>
    </Button>
  </div>
</TablePageSelector>
`;

exports[`Snapshot test Check component matches previous HTML snapshot 2`] = `
<TablePageSelector
  currentPage={2}
  delta={1}
  disableAscArrow={false}
  disableDescArrow={false}
  onClickHandler={[Function]}
  pageCount={7}
>
  <div
    className="rc-page-selector-container"
  >
    <Button
      as="button"
      className="rc-page-select-icon-desc"
      disabled={false}
      forwardRefAs="ref"
      icon={null}
      loading={false}
      onClick={[Function]}
      trailingIcon={null}
      type="transparent"
      weight="bold"
    >
      <button
        aria-label="<"
        className="rc-button rc-button-transparent rc-button-bold rc-button-full rc-page-select-icon-desc"
        disabled={false}
        onClick={[Function]}
        type="button"
      >
        <span
          className="rc-button-content"
        >
          &lt;
        </span>
      </button>
    </Button>
    <Button
      as="button"
      className=""
      disabled={false}
      forwardRefAs="ref"
      icon={null}
      key="0"
      loading={false}
      onClick={[Function]}
      trailingIcon={null}
      type="transparent"
      weight="bold"
    >
      <button
        aria-label={1}
        className="rc-button rc-button-transparent rc-button-bold rc-button-full"
        disabled={false}
        onClick={[Function]}
        type="button"
      >
        <span
          className="rc-button-content"
        >
          1
        </span>
      </button>
    </Button>
    <Button
      as="button"
      className=""
      disabled={false}
      forwardRefAs="ref"
      icon={null}
      key="1"
      loading={false}
      onClick={[Function]}
      trailingIcon={null}
      type="primary"
      weight="bold"
    >
      <button
        aria-label={2}
        className="rc-button rc-button-primary rc-button-bold rc-button-full"
        disabled={false}
        onClick={[Function]}
        type="button"
      >
        <span
          className="rc-button-content"
        >
          2
        </span>
      </button>
    </Button>
    <Button
      as="button"
      className=""
      disabled={false}
      forwardRefAs="ref"
      icon={null}
      key="2"
      loading={false}
      onClick={[Function]}
      trailingIcon={null}
      type="transparent"
      weight="bold"
    >
      <button
        aria-label={3}
        className="rc-button rc-button-transparent rc-button-bold rc-button-full"
        disabled={false}
        onClick={[Function]}
        type="button"
      >
        <span
          className="rc-button-content"
        >
          3
        </span>
      </button>
    </Button>
    <Button
      as="button"
      className=""
      disabled={false}
      forwardRefAs="ref"
      icon={null}
      key="3"
      loading={false}
      onClick={[Function]}
      trailingIcon={null}
      type="transparent"
      weight="bold"
    >
      <button
        aria-label="..."
        className="rc-button rc-button-transparent rc-button-bold rc-button-full"
        disabled={false}
        onClick={[Function]}
        type="button"
      >
        <span
          className="rc-button-content"
        >
          ...
        </span>
      </button>
    </Button>
    <Button
      as="button"
      className=""
      disabled={false}
      forwardRefAs="ref"
      icon={null}
      key="4"
      loading={false}
      onClick={[Function]}
      trailingIcon={null}
      type="transparent"
      weight="bold"
    >
      <button
        aria-label={7}
        className="rc-button rc-button-transparent rc-button-bold rc-button-full"
        disabled={false}
        onClick={[Function]}
        type="button"
      >
        <span
          className="rc-button-content"
        >
          7
        </span>
      </button>
    </Button>
    <Button
      as="button"
      className="rc-page-select-icon-asc"
      disabled={false}
      forwardRefAs="ref"
      icon={null}
      loading={false}
      onClick={[Function]}
      trailingIcon={null}
      type="transparent"
      weight="bold"
    >
      <button
        aria-label=">"
        className="rc-button rc-button-transparent rc-button-bold rc-button-full rc-page-select-icon-asc"
        disabled={false}
        onClick={[Function]}
        type="button"
      >
        <span
          className="rc-button-content"
        >
          &gt;
        </span>
      </button>
    </Button>
  </div>
</TablePageSelector>
`;

exports[`Snapshot test Check component matches previous HTML snapshot 3`] = `
<TablePageSelector
  currentPage={3}
  delta={1}
  disableAscArrow={false}
  disableDescArrow={false}
  onClickHandler={[Function]}
  pageCount={7}
>
  <div
    className="rc-page-selector-container"
  >
    <Button
      as="button"
      className="rc-page-select-icon-desc"
      disabled={false}
      forwardRefAs="ref"
      icon={null}
      loading={false}
      onClick={[Function]}
      trailingIcon={null}
      type="transparent"
      weight="bold"
    >
      <button
        aria-label="<"
        className="rc-button rc-button-transparent rc-button-bold rc-button-full rc-page-select-icon-desc"
        disabled={false}
        onClick={[Function]}
        type="button"
      >
        <span
          className="rc-button-content"
        >
          &lt;
        </span>
      </button>
    </Button>
    <Button
      as="button"
      className=""
      disabled={false}
      forwardRefAs="ref"
      icon={null}
      key="0"
      loading={false}
      onClick={[Function]}
      trailingIcon={null}
      type="transparent"
      weight="bold"
    >
      <button
        aria-label={1}
        className="rc-button rc-button-transparent rc-button-bold rc-button-full"
        disabled={false}
        onClick={[Function]}
        type="button"
      >
        <span
          className="rc-button-content"
        >
          1
        </span>
      </button>
    </Button>
    <Button
      as="button"
      className=""
      disabled={false}
      forwardRefAs="ref"
      icon={null}
      key="1"
      loading={false}
      onClick={[Function]}
      trailingIcon={null}
      type="transparent"
      weight="bold"
    >
      <button
        aria-label={2}
        className="rc-button rc-button-transparent rc-button-bold rc-button-full"
        disabled={false}
        onClick={[Function]}
        type="button"
      >
        <span
          className="rc-button-content"
        >
          2
        </span>
      </button>
    </Button>
    <Button
      as="button"
      className=""
      disabled={false}
      forwardRefAs="ref"
      icon={null}
      key="2"
      loading={false}
      onClick={[Function]}
      trailingIcon={null}
      type="primary"
      weight="bold"
    >
      <button
        aria-label={3}
        className="rc-button rc-button-primary rc-button-bold rc-button-full"
        disabled={false}
        onClick={[Function]}
        type="button"
      >
        <span
          className="rc-button-content"
        >
          3
        </span>
      </button>
    </Button>
    <Button
      as="button"
      className=""
      disabled={false}
      forwardRefAs="ref"
      icon={null}
      key="3"
      loading={false}
      onClick={[Function]}
      trailingIcon={null}
      type="transparent"
      weight="bold"
    >
      <button
        aria-label={4}
        className="rc-button rc-button-transparent rc-button-bold rc-button-full"
        disabled={false}
        onClick={[Function]}
        type="button"
      >
        <span
          className="rc-button-content"
        >
          4
        </span>
      </button>
    </Button>
    <Button
      as="button"
      className=""
      disabled={false}
      forwardRefAs="ref"
      icon={null}
      key="4"
      loading={false}
      onClick={[Function]}
      trailingIcon={null}
      type="transparent"
      weight="bold"
    >
      <button
        aria-label="..."
        className="rc-button rc-button-transparent rc-button-bold rc-button-full"
        disabled={false}
        onClick={[Function]}
        type="button"
      >
        <span
          className="rc-button-content"
        >
          ...
        </span>
      </button>
    </Button>
    <Button
      as="button"
      className=""
      disabled={false}
      forwardRefAs="ref"
      icon={null}
      key="5"
      loading={false}
      onClick={[Function]}
      trailingIcon={null}
      type="transparent"
      weight="bold"
    >
      <button
        aria-label={7}
        className="rc-button rc-button-transparent rc-button-bold rc-button-full"
        disabled={false}
        onClick={[Function]}
        type="button"
      >
        <span
          className="rc-button-content"
        >
          7
        </span>
      </button>
    </Button>
    <Button
      as="button"
      className="rc-page-select-icon-asc"
      disabled={false}
      forwardRefAs="ref"
      icon={null}
      loading={false}
      onClick={[Function]}
      trailingIcon={null}
      type="transparent"
      weight="bold"
    >
      <button
        aria-label=">"
        className="rc-button rc-button-transparent rc-button-bold rc-button-full rc-page-select-icon-asc"
        disabled={false}
        onClick={[Function]}
        type="button"
      >
        <span
          className="rc-button-content"
        >
          &gt;
        </span>
      </button>
    </Button>
  </div>
</TablePageSelector>
`;

exports[`Snapshot test Check component matches previous HTML snapshot 4`] = `
<TablePageSelector
  currentPage={4}
  delta={1}
  disableAscArrow={false}
  disableDescArrow={false}
  onClickHandler={[Function]}
  pageCount={7}
>
  <div
    className="rc-page-selector-container"
  >
    <Button
      as="button"
      className="rc-page-select-icon-desc"
      disabled={false}
      forwardRefAs="ref"
      icon={null}
      loading={false}
      onClick={[Function]}
      trailingIcon={null}
      type="transparent"
      weight="bold"
    >
      <button
        aria-label="<"
        className="rc-button rc-button-transparent rc-button-bold rc-button-full rc-page-select-icon-desc"
        disabled={false}
        onClick={[Function]}
        type="button"
      >
        <span
          className="rc-button-content"
        >
          &lt;
        </span>
      </button>
    </Button>
    <Button
      as="button"
      className=""
      disabled={false}
      forwardRefAs="ref"
      icon={null}
      key="0"
      loading={false}
      onClick={[Function]}
      trailingIcon={null}
      type="transparent"
      weight="bold"
    >
      <button
        aria-label={1}
        className="rc-button rc-button-transparent rc-button-bold rc-button-full"
        disabled={false}
        onClick={[Function]}
        type="button"
      >
        <span
          className="rc-button-content"
        >
          1
        </span>
      </button>
    </Button>
    <Button
      as="button"
      className=""
      disabled={false}
      forwardRefAs="ref"
      icon={null}
      key="1"
      loading={false}
      onClick={[Function]}
      trailingIcon={null}
      type="transparent"
      weight="bold"
    >
      <button
        aria-label={2}
        className="rc-button rc-button-transparent rc-button-bold rc-button-full"
        disabled={false}
        onClick={[Function]}
        type="button"
      >
        <span
          className="rc-button-content"
        >
          2
        </span>
      </button>
    </Button>
    <Button
      as="button"
      className=""
      disabled={false}
      forwardRefAs="ref"
      icon={null}
      key="2"
      loading={false}
      onClick={[Function]}
      trailingIcon={null}
      type="transparent"
      weight="bold"
    >
      <button
        aria-label={3}
        className="rc-button rc-button-transparent rc-button-bold rc-button-full"
        disabled={false}
        onClick={[Function]}
        type="button"
      >
        <span
          className="rc-button-content"
        >
          3
        </span>
      </button>
    </Button>
    <Button
      as="button"
      className=""
      disabled={false}
      forwardRefAs="ref"
      icon={null}
      key="3"
      loading={false}
      onClick={[Function]}
      trailingIcon={null}
      type="primary"
      weight="bold"
    >
      <button
        aria-label={4}
        className="rc-button rc-button-primary rc-button-bold rc-button-full"
        disabled={false}
        onClick={[Function]}
        type="button"
      >
        <span
          className="rc-button-content"
        >
          4
        </span>
      </button>
    </Button>
    <Button
      as="button"
      className=""
      disabled={false}
      forwardRefAs="ref"
      icon={null}
      key="4"
      loading={false}
      onClick={[Function]}
      trailingIcon={null}
      type="transparent"
      weight="bold"
    >
      <button
        aria-label={5}
        className="rc-button rc-button-transparent rc-button-bold rc-button-full"
        disabled={false}
        onClick={[Function]}
        type="button"
      >
        <span
          className="rc-button-content"
        >
          5
        </span>
      </button>
    </Button>
    <Button
      as="button"
      className=""
      disabled={false}
      forwardRefAs="ref"
      icon={null}
      key="5"
      loading={false}
      onClick={[Function]}
      trailingIcon={null}
      type="transparent"
      weight="bold"
    >
      <button
        aria-label={6}
        className="rc-button rc-button-transparent rc-button-bold rc-button-full"
        disabled={false}
        onClick={[Function]}
        type="button"
      >
        <span
          className="rc-button-content"
        >
          6
        </span>
      </button>
    </Button>
    <Button
      as="button"
      className=""
      disabled={false}
      forwardRefAs="ref"
      icon={null}
      key="6"
      loading={false}
      onClick={[Function]}
      trailingIcon={null}
      type="transparent"
      weight="bold"
    >
      <button
        aria-label={7}
        className="rc-button rc-button-transparent rc-button-bold rc-button-full"
        disabled={false}
        onClick={[Function]}
        type="button"
      >
        <span
          className="rc-button-content"
        >
          7
        </span>
      </button>
    </Button>
    <Button
      as="button"
      className="rc-page-select-icon-asc"
      disabled={false}
      forwardRefAs="ref"
      icon={null}
      loading={false}
      onClick={[Function]}
      trailingIcon={null}
      type="transparent"
      weight="bold"
    >
      <button
        aria-label=">"
        className="rc-button rc-button-transparent rc-button-bold rc-button-full rc-page-select-icon-asc"
        disabled={false}
        onClick={[Function]}
        type="button"
      >
        <span
          className="rc-button-content"
        >
          &gt;
        </span>
      </button>
    </Button>
  </div>
</TablePageSelector>
`;

exports[`Snapshot test Check component matches previous HTML snapshot 5`] = `
<TablePageSelector
  currentPage={11}
  delta={1}
  disableAscArrow={false}
  disableDescArrow={false}
  onClickHandler={[Function]}
  pageCount={20}
>
  <div
    className="rc-page-selector-container"
  >
    <Button
      as="button"
      className="rc-page-select-icon-desc"
      disabled={false}
      forwardRefAs="ref"
      icon={null}
      loading={false}
      onClick={[Function]}
      trailingIcon={null}
      type="transparent"
      weight="bold"
    >
      <button
        aria-label="<"
        className="rc-button rc-button-transparent rc-button-bold rc-button-full rc-page-select-icon-desc"
        disabled={false}
        onClick={[Function]}
        type="button"
      >
        <span
          className="rc-button-content"
        >
          &lt;
        </span>
      </button>
    </Button>
    <Button
      as="button"
      className=""
      disabled={false}
      forwardRefAs="ref"
      icon={null}
      key="0"
      loading={false}
      onClick={[Function]}
      trailingIcon={null}
      type="transparent"
      weight="bold"
    >
      <button
        aria-label={1}
        className="rc-button rc-button-transparent rc-button-bold rc-button-full"
        disabled={false}
        onClick={[Function]}
        type="button"
      >
        <span
          className="rc-button-content"
        >
          1
        </span>
      </button>
    </Button>
    <Button
      as="button"
      className=""
      disabled={false}
      forwardRefAs="ref"
      icon={null}
      key="1"
      loading={false}
      onClick={[Function]}
      trailingIcon={null}
      type="transparent"
      weight="bold"
    >
      <button
        aria-label="..."
        className="rc-button rc-button-transparent rc-button-bold rc-button-full"
        disabled={false}
        onClick={[Function]}
        type="button"
      >
        <span
          className="rc-button-content"
        >
          ...
        </span>
      </button>
    </Button>
    <Button
      as="button"
      className=""
      disabled={false}
      forwardRefAs="ref"
      icon={null}
      key="2"
      loading={false}
      onClick={[Function]}
      trailingIcon={null}
      type="transparent"
      weight="bold"
    >
      <button
        aria-label={10}
        className="rc-button rc-button-transparent rc-button-bold rc-button-full"
        disabled={false}
        onClick={[Function]}
        type="button"
      >
        <span
          className="rc-button-content"
        >
          10
        </span>
      </button>
    </Button>
    <Button
      as="button"
      className=""
      disabled={false}
      forwardRefAs="ref"
      icon={null}
      key="3"
      loading={false}
      onClick={[Function]}
      trailingIcon={null}
      type="primary"
      weight="bold"
    >
      <button
        aria-label={11}
        className="rc-button rc-button-primary rc-button-bold rc-button-full"
        disabled={false}
        onClick={[Function]}
        type="button"
      >
        <span
          className="rc-button-content"
        >
          11
        </span>
      </button>
    </Button>
    <Button
      as="button"
      className=""
      disabled={false}
      forwardRefAs="ref"
      icon={null}
      key="4"
      loading={false}
      onClick={[Function]}
      trailingIcon={null}
      type="transparent"
      weight="bold"
    >
      <button
        aria-label={12}
        className="rc-button rc-button-transparent rc-button-bold rc-button-full"
        disabled={false}
        onClick={[Function]}
        type="button"
      >
        <span
          className="rc-button-content"
        >
          12
        </span>
      </button>
    </Button>
    <Button
      as="button"
      className=""
      disabled={false}
      forwardRefAs="ref"
      icon={null}
      key="5"
      loading={false}
      onClick={[Function]}
      trailingIcon={null}
      type="transparent"
      weight="bold"
    >
      <button
        aria-label="..."
        className="rc-button rc-button-transparent rc-button-bold rc-button-full"
        disabled={false}
        onClick={[Function]}
        type="button"
      >
        <span
          className="rc-button-content"
        >
          ...
        </span>
      </button>
    </Button>
    <Button
      as="button"
      className=""
      disabled={false}
      forwardRefAs="ref"
      icon={null}
      key="6"
      loading={false}
      onClick={[Function]}
      trailingIcon={null}
      type="transparent"
      weight="bold"
    >
      <button
        aria-label={20}
        className="rc-button rc-button-transparent rc-button-bold rc-button-full"
        disabled={false}
        onClick={[Function]}
        type="button"
      >
        <span
          className="rc-button-content"
        >
          20
        </span>
      </button>
    </Button>
    <Button
      as="button"
      className="rc-page-select-icon-asc"
      disabled={false}
      forwardRefAs="ref"
      icon={null}
      loading={false}
      onClick={[Function]}
      trailingIcon={null}
      type="transparent"
      weight="bold"
    >
      <button
        aria-label=">"
        className="rc-button rc-button-transparent rc-button-bold rc-button-full rc-page-select-icon-asc"
        disabled={false}
        onClick={[Function]}
        type="button"
      >
        <span
          className="rc-button-content"
        >
          &gt;
        </span>
      </button>
    </Button>
  </div>
</TablePageSelector>
`;

exports[`Snapshot test Check component matches previous HTML snapshot 6`] = `
<TablePageSelector
  currentPage={5}
  delta={1}
  disableAscArrow={false}
  disableDescArrow={false}
  onClickHandler={[Function]}
  pageCount={7}
>
  <div
    className="rc-page-selector-container"
  >
    <Button
      as="button"
      className="rc-page-select-icon-desc"
      disabled={false}
      forwardRefAs="ref"
      icon={null}
      loading={false}
      onClick={[Function]}
      trailingIcon={null}
      type="transparent"
      weight="bold"
    >
      <button
        aria-label="<"
        className="rc-button rc-button-transparent rc-button-bold rc-button-full rc-page-select-icon-desc"
        disabled={false}
        onClick={[Function]}
        type="button"
      >
        <span
          className="rc-button-content"
        >
          &lt;
        </span>
      </button>
    </Button>
    <Button
      as="button"
      className=""
      disabled={false}
      forwardRefAs="ref"
      icon={null}
      key="0"
      loading={false}
      onClick={[Function]}
      trailingIcon={null}
      type="transparent"
      weight="bold"
    >
      <button
        aria-label={1}
        className="rc-button rc-button-transparent rc-button-bold rc-button-full"
        disabled={false}
        onClick={[Function]}
        type="button"
      >
        <span
          className="rc-button-content"
        >
          1
        </span>
      </button>
    </Button>
    <Button
      as="button"
      className=""
      disabled={false}
      forwardRefAs="ref"
      icon={null}
      key="1"
      loading={false}
      onClick={[Function]}
      trailingIcon={null}
      type="transparent"
      weight="bold"
    >
      <button
        aria-label="..."
        className="rc-button rc-button-transparent rc-button-bold rc-button-full"
        disabled={false}
        onClick={[Function]}
        type="button"
      >
        <span
          className="rc-button-content"
        >
          ...
        </span>
      </button>
    </Button>
    <Button
      as="button"
      className=""
      disabled={false}
      forwardRefAs="ref"
      icon={null}
      key="2"
      loading={false}
      onClick={[Function]}
      trailingIcon={null}
      type="transparent"
      weight="bold"
    >
      <button
        aria-label={4}
        className="rc-button rc-button-transparent rc-button-bold rc-button-full"
        disabled={false}
        onClick={[Function]}
        type="button"
      >
        <span
          className="rc-button-content"
        >
          4
        </span>
      </button>
    </Button>
    <Button
      as="button"
      className=""
      disabled={false}
      forwardRefAs="ref"
      icon={null}
      key="3"
      loading={false}
      onClick={[Function]}
      trailingIcon={null}
      type="primary"
      weight="bold"
    >
      <button
        aria-label={5}
        className="rc-button rc-button-primary rc-button-bold rc-button-full"
        disabled={false}
        onClick={[Function]}
        type="button"
      >
        <span
          className="rc-button-content"
        >
          5
        </span>
      </button>
    </Button>
    <Button
      as="button"
      className=""
      disabled={false}
      forwardRefAs="ref"
      icon={null}
      key="4"
      loading={false}
      onClick={[Function]}
      trailingIcon={null}
      type="transparent"
      weight="bold"
    >
      <button
        aria-label={6}
        className="rc-button rc-button-transparent rc-button-bold rc-button-full"
        disabled={false}
        onClick={[Function]}
        type="button"
      >
        <span
          className="rc-button-content"
        >
          6
        </span>
      </button>
    </Button>
    <Button
      as="button"
      className=""
      disabled={false}
      forwardRefAs="ref"
      icon={null}
      key="5"
      loading={false}
      onClick={[Function]}
      trailingIcon={null}
      type="transparent"
      weight="bold"
    >
      <button
        aria-label={7}
        className="rc-button rc-button-transparent rc-button-bold rc-button-full"
        disabled={false}
        onClick={[Function]}
        type="button"
      >
        <span
          className="rc-button-content"
        >
          7
        </span>
      </button>
    </Button>
    <Button
      as="button"
      className="rc-page-select-icon-asc"
      disabled={false}
      forwardRefAs="ref"
      icon={null}
      loading={false}
      onClick={[Function]}
      trailingIcon={null}
      type="transparent"
      weight="bold"
    >
      <button
        aria-label=">"
        className="rc-button rc-button-transparent rc-button-bold rc-button-full rc-page-select-icon-asc"
        disabled={false}
        onClick={[Function]}
        type="button"
      >
        <span
          className="rc-button-content"
        >
          &gt;
        </span>
      </button>
    </Button>
  </div>
</TablePageSelector>
`;

exports[`Snapshot test Check component matches previous HTML snapshot 7`] = `
<TablePageSelector
  currentPage={6}
  delta={1}
  disableAscArrow={false}
  disableDescArrow={false}
  onClickHandler={[Function]}
  pageCount={7}
>
  <div
    className="rc-page-selector-container"
  >
    <Button
      as="button"
      className="rc-page-select-icon-desc"
      disabled={false}
      forwardRefAs="ref"
      icon={null}
      loading={false}
      onClick={[Function]}
      trailingIcon={null}
      type="transparent"
      weight="bold"
    >
      <button
        aria-label="<"
        className="rc-button rc-button-transparent rc-button-bold rc-button-full rc-page-select-icon-desc"
        disabled={false}
        onClick={[Function]}
        type="button"
      >
        <span
          className="rc-button-content"
        >
          &lt;
        </span>
      </button>
    </Button>
    <Button
      as="button"
      className=""
      disabled={false}
      forwardRefAs="ref"
      icon={null}
      key="0"
      loading={false}
      onClick={[Function]}
      trailingIcon={null}
      type="transparent"
      weight="bold"
    >
      <button
        aria-label={1}
        className="rc-button rc-button-transparent rc-button-bold rc-button-full"
        disabled={false}
        onClick={[Function]}
        type="button"
      >
        <span
          className="rc-button-content"
        >
          1
        </span>
      </button>
    </Button>
    <Button
      as="button"
      className=""
      disabled={false}
      forwardRefAs="ref"
      icon={null}
      key="1"
      loading={false}
      onClick={[Function]}
      trailingIcon={null}
      type="transparent"
      weight="bold"
    >
      <button
        aria-label="..."
        className="rc-button rc-button-transparent rc-button-bold rc-button-full"
        disabled={false}
        onClick={[Function]}
        type="button"
      >
        <span
          className="rc-button-content"
        >
          ...
        </span>
      </button>
    </Button>
    <Button
      as="button"
      className=""
      disabled={false}
      forwardRefAs="ref"
      icon={null}
      key="2"
      loading={false}
      onClick={[Function]}
      trailingIcon={null}
      type="transparent"
      weight="bold"
    >
      <button
        aria-label={5}
        className="rc-button rc-button-transparent rc-button-bold rc-button-full"
        disabled={false}
        onClick={[Function]}
        type="button"
      >
        <span
          className="rc-button-content"
        >
          5
        </span>
      </button>
    </Button>
    <Button
      as="button"
      className=""
      disabled={false}
      forwardRefAs="ref"
      icon={null}
      key="3"
      loading={false}
      onClick={[Function]}
      trailingIcon={null}
      type="primary"
      weight="bold"
    >
      <button
        aria-label={6}
        className="rc-button rc-button-primary rc-button-bold rc-button-full"
        disabled={false}
        onClick={[Function]}
        type="button"
      >
        <span
          className="rc-button-content"
        >
          6
        </span>
      </button>
    </Button>
    <Button
      as="button"
      className=""
      disabled={false}
      forwardRefAs="ref"
      icon={null}
      key="4"
      loading={false}
      onClick={[Function]}
      trailingIcon={null}
      type="transparent"
      weight="bold"
    >
      <button
        aria-label={7}
        className="rc-button rc-button-transparent rc-button-bold rc-button-full"
        disabled={false}
        onClick={[Function]}
        type="button"
      >
        <span
          className="rc-button-content"
        >
          7
        </span>
      </button>
    </Button>
    <Button
      as="button"
      className="rc-page-select-icon-asc"
      disabled={false}
      forwardRefAs="ref"
      icon={null}
      loading={false}
      onClick={[Function]}
      trailingIcon={null}
      type="transparent"
      weight="bold"
    >
      <button
        aria-label=">"
        className="rc-button rc-button-transparent rc-button-bold rc-button-full rc-page-select-icon-asc"
        disabled={false}
        onClick={[Function]}
        type="button"
      >
        <span
          className="rc-button-content"
        >
          &gt;
        </span>
      </button>
    </Button>
  </div>
</TablePageSelector>
`;

exports[`Snapshot test Check component matches previous HTML snapshot 8`] = `
<TablePageSelector
  currentPage={7}
  delta={1}
  disableAscArrow={false}
  disableDescArrow={false}
  onClickHandler={[Function]}
  pageCount={7}
>
  <div
    className="rc-page-selector-container"
  >
    <Button
      as="button"
      className="rc-page-select-icon-desc"
      disabled={false}
      forwardRefAs="ref"
      icon={null}
      loading={false}
      onClick={[Function]}
      trailingIcon={null}
      type="transparent"
      weight="bold"
    >
      <button
        aria-label="<"
        className="rc-button rc-button-transparent rc-button-bold rc-button-full rc-page-select-icon-desc"
        disabled={false}
        onClick={[Function]}
        type="button"
      >
        <span
          className="rc-button-content"
        >
          &lt;
        </span>
      </button>
    </Button>
    <Button
      as="button"
      className=""
      disabled={false}
      forwardRefAs="ref"
      icon={null}
      key="0"
      loading={false}
      onClick={[Function]}
      trailingIcon={null}
      type="transparent"
      weight="bold"
    >
      <button
        aria-label={1}
        className="rc-button rc-button-transparent rc-button-bold rc-button-full"
        disabled={false}
        onClick={[Function]}
        type="button"
      >
        <span
          className="rc-button-content"
        >
          1
        </span>
      </button>
    </Button>
    <Button
      as="button"
      className=""
      disabled={false}
      forwardRefAs="ref"
      icon={null}
      key="1"
      loading={false}
      onClick={[Function]}
      trailingIcon={null}
      type="transparent"
      weight="bold"
    >
      <button
        aria-label="..."
        className="rc-button rc-button-transparent rc-button-bold rc-button-full"
        disabled={false}
        onClick={[Function]}
        type="button"
      >
        <span
          className="rc-button-content"
        >
          ...
        </span>
      </button>
    </Button>
    <Button
      as="button"
      className=""
      disabled={false}
      forwardRefAs="ref"
      icon={null}
      key="2"
      loading={false}
      onClick={[Function]}
      trailingIcon={null}
      type="transparent"
      weight="bold"
    >
      <button
        aria-label={6}
        className="rc-button rc-button-transparent rc-button-bold rc-button-full"
        disabled={false}
        onClick={[Function]}
        type="button"
      >
        <span
          className="rc-button-content"
        >
          6
        </span>
      </button>
    </Button>
    <Button
      as="button"
      className=""
      disabled={false}
      forwardRefAs="ref"
      icon={null}
      key="3"
      loading={false}
      onClick={[Function]}
      trailingIcon={null}
      type="primary"
      weight="bold"
    >
      <button
        aria-label={7}
        className="rc-button rc-button-primary rc-button-bold rc-button-full"
        disabled={false}
        onClick={[Function]}
        type="button"
      >
        <span
          className="rc-button-content"
        >
          7
        </span>
      </button>
    </Button>
    <Button
      as="button"
      className="rc-page-select-icon-asc"
      disabled={false}
      forwardRefAs="ref"
      icon={null}
      loading={false}
      onClick={[Function]}
      trailingIcon={null}
      type="transparent"
      weight="bold"
    >
      <button
        aria-label=">"
        className="rc-button rc-button-transparent rc-button-bold rc-button-full rc-page-select-icon-asc"
        disabled={false}
        onClick={[Function]}
        type="button"
      >
        <span
          className="rc-button-content"
        >
          &gt;
        </span>
      </button>
    </Button>
  </div>
</TablePageSelector>
`;
